============================= test session starts ==============================
platform linux -- Python 3.12.3, pytest-7.4.4, pluggy-1.4.0 -- /usr/bin/python3
cachedir: .pytest_cache
rootdir: /home/alice/Repositorios/RPG
plugins: cov-4.1.0
collecting ... collected 47 items

tests/combat/test_BattleActions.py::test_generate_mana_action FAILED     [  2%]
tests/combat/test_BattleActions.py::test_generate_focus_action FAILED    [  4%]
tests/combat/test_BattleActions.py::test_attack_action_execution_flow FAILED [  6%]
tests/combat/test_BattleManager.py::test_battle_manager_add_and_get_actor PASSED [  8%]
tests/combat/test_BattleManager.py::test_battle_manager_delay_character PASSED [ 10%]
tests/combat/test_BattleManager.py::test_battle_manager_pub_sub PASSED   [ 12%]
tests/combat/test_BattleManager.py::test_battle_manager_try_finally_hooks FAILED [ 14%]
tests/combat/test_BattlePassives.py::test_forca_bruta FAILED             [ 17%]
tests/combat/test_BattlePassives.py::test_combo FAILED                   [ 19%]
tests/combat/test_BattlePassives.py::test_maos_pesadas FAILED            [ 21%]
tests/combat/test_Judges.py::test_battle_judge_running FAILED            [ 23%]
tests/combat/test_Judges.py::test_battle_judge_victory_team_1 FAILED     [ 25%]
tests/combat/test_Judges.py::test_battle_judge_draw FAILED               [ 27%]
tests/combat/test_StatusEffects.py::test_atordoado_apply PASSED          [ 29%]
tests/combat/test_StatusEffects.py::test_atordoado_hook_removal FAILED   [ 31%]
tests/controllers/test_CharacterController.py::test_pvp1v1_controller_no_target PASSED [ 34%]
tests/controllers/test_CharacterController.py::test_pvp1v1_controller_with_target_no_focus PASSED [ 36%]
tests/controllers/test_CharacterController.py::test_pvp1v1_controller_with_target_with_focus PASSED [ 38%]
tests/core/test_Bases.py::test_execute_if_possible_success PASSED        [ 40%]
tests/core/test_Bases.py::test_execute_if_possible_failure FAILED        [ 42%]
tests/core/test_DataManager.py::test_load_combat_styles FAILED           [ 44%]
tests/core/test_DataManager.py::test_load_game_rules PASSED              [ 46%]
tests/core/test_DataManager.py::test_load_action_templates FAILED        [ 48%]
tests/core/test_DataManager.py::test_get_action_template_key_error PASSED [ 51%]
tests/core/test_DataManager.py::test_get_character_key_error PASSED      [ 53%]
tests/core/test_DiceManager.py::test_dice_manager_neutral_roll FAILED    [ 55%]
tests/core/test_DiceManager.py::test_dice_manager_advantage_roll FAILED  [ 57%]
tests/core/test_DiceManager.py::test_dice_manager_disadvantage_roll FAILED [ 59%]
tests/core/test_Modifiers.py::test_modifier_unique_id PASSED             [ 61%]
tests/core/test_Modifiers.py::test_modifier_inheritance PASSED           [ 63%]
tests/core/test_Structs.py::test_battle_result_initialization PASSED     [ 65%]
tests/core/test_Structs.py::test_roll_result_initialization FAILED       [ 68%]
tests/core/test_Structs.py::test_game_rules_initialization PASSED        [ 70%]
tests/entities/test_Characters.py::test_character_starts_alive_with_max_hp ERROR [ 72%]
tests/entities/test_Characters.py::test_character_take_damage_reduces_hp ERROR [ 74%]
tests/entities/test_Characters.py::test_character_death ERROR            [ 76%]
tests/entities/test_Characters.py::test_character_equip_weapon ERROR     [ 78%]
tests/entities/test_Characters.py::test_character_equip_weapon_invalid_type ERROR [ 80%]
tests/entities/test_Characters.py::test_character_equip_armor ERROR      [ 82%]
tests/entities/test_Characters.py::test_character_generate_focus ERROR   [ 85%]
tests/entities/test_Characters.py::test_character_generate_mana ERROR    [ 87%]
tests/entities/test_Characters.py::test_character_spend_focus ERROR      [ 89%]
tests/entities/test_Characters.py::test_character_spend_mana ERROR       [ 91%]
tests/entities/test_Characters.py::test_character_stat_properties_with_modifiers ERROR [ 93%]
tests/entities/test_Characters.py::test_character_clear_ephemeral_modifiers ERROR [ 95%]
tests/entities/test_Items.py::test_weapon_initialization FAILED          [ 97%]
tests/entities/test_Items.py::test_armor_initialization PASSED           [100%]

==================================== ERRORS ====================================
__________ ERROR at setup of test_character_starts_alive_with_max_hp ___________
tests/entities/test_Characters.py:32: in dummy_char
    return Character(
entities/Characters.py:27: in __init__
    self.max_hp = rules.hp_table[str(self.fis)]
E   TypeError: list indices must be integers or slices, not str
___________ ERROR at setup of test_character_take_damage_reduces_hp ____________
tests/entities/test_Characters.py:32: in dummy_char
    return Character(
entities/Characters.py:27: in __init__
    self.max_hp = rules.hp_table[str(self.fis)]
E   TypeError: list indices must be integers or slices, not str
____________________ ERROR at setup of test_character_death ____________________
tests/entities/test_Characters.py:32: in dummy_char
    return Character(
entities/Characters.py:27: in __init__
    self.max_hp = rules.hp_table[str(self.fis)]
E   TypeError: list indices must be integers or slices, not str
________________ ERROR at setup of test_character_equip_weapon _________________
tests/entities/test_Characters.py:32: in dummy_char
    return Character(
entities/Characters.py:27: in __init__
    self.max_hp = rules.hp_table[str(self.fis)]
E   TypeError: list indices must be integers or slices, not str
__________ ERROR at setup of test_character_equip_weapon_invalid_type __________
tests/entities/test_Characters.py:32: in dummy_char
    return Character(
entities/Characters.py:27: in __init__
    self.max_hp = rules.hp_table[str(self.fis)]
E   TypeError: list indices must be integers or slices, not str
_________________ ERROR at setup of test_character_equip_armor _________________
tests/entities/test_Characters.py:32: in dummy_char
    return Character(
entities/Characters.py:27: in __init__
    self.max_hp = rules.hp_table[str(self.fis)]
E   TypeError: list indices must be integers or slices, not str
_______________ ERROR at setup of test_character_generate_focus ________________
tests/entities/test_Characters.py:32: in dummy_char
    return Character(
entities/Characters.py:27: in __init__
    self.max_hp = rules.hp_table[str(self.fis)]
E   TypeError: list indices must be integers or slices, not str
________________ ERROR at setup of test_character_generate_mana ________________
tests/entities/test_Characters.py:32: in dummy_char
    return Character(
entities/Characters.py:27: in __init__
    self.max_hp = rules.hp_table[str(self.fis)]
E   TypeError: list indices must be integers or slices, not str
_________________ ERROR at setup of test_character_spend_focus _________________
tests/entities/test_Characters.py:32: in dummy_char
    return Character(
entities/Characters.py:27: in __init__
    self.max_hp = rules.hp_table[str(self.fis)]
E   TypeError: list indices must be integers or slices, not str
_________________ ERROR at setup of test_character_spend_mana __________________
tests/entities/test_Characters.py:32: in dummy_char
    return Character(
entities/Characters.py:27: in __init__
    self.max_hp = rules.hp_table[str(self.fis)]
E   TypeError: list indices must be integers or slices, not str
_______ ERROR at setup of test_character_stat_properties_with_modifiers ________
tests/entities/test_Characters.py:32: in dummy_char
    return Character(
entities/Characters.py:27: in __init__
    self.max_hp = rules.hp_table[str(self.fis)]
E   TypeError: list indices must be integers or slices, not str
__________ ERROR at setup of test_character_clear_ephemeral_modifiers __________
tests/entities/test_Characters.py:32: in dummy_char
    return Character(
entities/Characters.py:27: in __init__
    self.max_hp = rules.hp_table[str(self.fis)]
E   TypeError: list indices must be integers or slices, not str
=================================== FAILURES ===================================
__________________________ test_generate_mana_action ___________________________
tests/combat/test_BattleActions.py:19: in test_generate_mana_action
    template = AttackActionTemplate("GenerateMana", "Gerar Mana", BattleActionType.MANA_ACTION, 0)
E   AttributeError: type object 'BattleActionType' has no attribute 'MANA_ACTION'. Did you mean: 'MOVE_ACTION'?
__________________________ test_generate_focus_action __________________________
tests/combat/test_BattleActions.py:38: in test_generate_focus_action
    template = AttackActionTemplate("GenerateFocus", "Gerar Foco", BattleActionType.FOCUS_ACTION, 0)
E   AttributeError: type object 'BattleActionType' has no attribute 'FOCUS_ACTION'. Did you mean: 'MOVE_ACTION'?
______________________ test_attack_action_execution_flow _______________________
tests/combat/test_BattleActions.py:71: in test_attack_action_execution_flow
    id="Atk", nome="Atk", action_type=BattleActionType.ATTACK_ACTION, focus_cost=5,
E   AttributeError: type object 'BattleActionType' has no attribute 'ATTACK_ACTION'
____________________ test_battle_manager_try_finally_hooks _____________________
tests/combat/test_BattleManager.py:68: in test_battle_manager_try_finally_hooks
    judge.rule.side_effect = [BattleState.RUNNING, BattleState.VICTORY_TEAM_1]
E   AttributeError: type object 'BattleState' has no attribute 'VICTORY_TEAM_1'
_______________________________ test_forca_bruta _______________________________
tests/combat/test_BattlePassives.py:19: in test_forca_bruta
    assert load.gda == 8
E   AssertionError: assert 4 == 8
E    +  where 4 = AttackLoad(character=<MagicMock id='126123759697216'>, history=[], success=True, target=<MagicMock id='126123759755888'>, battle_context=<MagicMock id='126123759610544'>, interaction_type=<MagicMock id='126123759603056'>, attack_state=<MagicMock id='126123759614288'>, defense_state=<MagicMock id='126123759606560'>, gda=4, damage=0, hit=False).gda
__________________________________ test_combo __________________________________
tests/combat/test_BattlePassives.py:32: in test_combo
    hooks["on_damage_calculation"](load)
E   KeyError: 'on_damage_calculation'
______________________________ test_maos_pesadas _______________________________
tests/combat/test_BattlePassives.py:58: in test_maos_pesadas
    hooks["on_damage_calculation"](load)
E   KeyError: 'on_damage_calculation'
__________________________ test_battle_judge_running ___________________________
tests/combat/test_Judges.py:20: in test_battle_judge_running
    assert judge.rule(context) == BattleState.RUNNING
combat/Judges.py:9: in rule
    raise NotImplementedError
E   NotImplementedError
_______________________ test_battle_judge_victory_team_1 _______________________
tests/combat/test_Judges.py:36: in test_battle_judge_victory_team_1
    assert judge.rule(context) == BattleState.VICTORY_TEAM_1
combat/Judges.py:9: in rule
    raise NotImplementedError
E   NotImplementedError
____________________________ test_battle_judge_draw ____________________________
tests/combat/test_Judges.py:52: in test_battle_judge_draw
    assert judge.rule(context) == BattleState.DRAW
combat/Judges.py:9: in rule
    raise NotImplementedError
E   NotImplementedError
_________________________ test_atordoado_hook_removal __________________________
tests/combat/test_StatusEffects.py:50: in test_atordoado_hook_removal
    target.remove_modifier.assert_called_with(effect.modifiers[0])
E   IndexError: list index out of range
_______________________ test_execute_if_possible_failure _______________________
tests/core/test_Bases.py:31: in test_execute_if_possible_failure
    load = action.execute_if_possible()
core/Bases.py:39: in execute_if_possible
    return ActionLoad(character=self.actor, history=[msg], success=False)
E   AttributeError: 'DummyAction' object has no attribute 'actor'
___________________________ test_load_combat_styles ____________________________
tests/core/test_DataManager.py:52: in test_load_combat_styles
    dm.load_combat_styles('dummy.json')
core/DataManager.py:36: in load_combat_styles
    armor_type=ArmorType(val["armor_type"]),
/usr/lib/python3.12/enum.py:757: in __call__
    return cls.__new__(cls, value)
/usr/lib/python3.12/enum.py:1171: in __new__
    raise ve_exc
E   ValueError: 'HEAVY' is not a valid ArmorType
__________________________ test_load_action_templates __________________________
core/DataManager.py:139: in load_action_templates
    action_type = BattleActionType(action_type_value)
/usr/lib/python3.12/enum.py:757: in __call__
    return cls.__new__(cls, value)
/usr/lib/python3.12/enum.py:1171: in __new__
    raise ve_exc
E   ValueError: 'attack_action' is not a valid BattleActionType

The above exception was the direct cause of the following exception:
tests/core/test_DataManager.py:70: in test_load_action_templates
    dm.load_action_templates('dummy.json')
core/DataManager.py:141: in load_action_templates
    raise ValueError(f"Action type inválido para template '{key}': '{template_data['action_type']}'") from exc
E   ValueError: Action type inválido para template 'BasicAttack': 'ATTACK_ACTION'
________________________ test_dice_manager_neutral_roll ________________________
tests/core/test_DiceManager.py:11: in test_dice_manager_neutral_roll
    assert result.history == [15]
E   AttributeError: 'RollResult' object has no attribute 'history'
_______________________ test_dice_manager_advantage_roll _______________________
tests/core/test_DiceManager.py:19: in test_dice_manager_advantage_roll
    assert result.final_roll == 18
E   AssertionError: assert 15 == 18
E    +  where 15 = RollResult(final_roll=15, roll1=15, roll2=1, rollstate=<RollState.ADVANTAGE: 'advantage'>, scheduled=False).final_roll
_____________________ test_dice_manager_disadvantage_roll ______________________
tests/core/test_DiceManager.py:28: in test_dice_manager_disadvantage_roll
    assert result.final_roll == 10
E   AssertionError: assert 3 == 10
E    +  where 3 = RollResult(final_roll=3, roll1=3, roll2=6, rollstate=<RollState.DISADVANTAGE: 'disavantage'>, scheduled=False).final_roll
_______________________ test_roll_result_initialization ________________________
tests/core/test_Structs.py:13: in test_roll_result_initialization
    rr = RollResult(final_roll=15, history=[10, 15])
E   TypeError: RollResult.__init__() got an unexpected keyword argument 'history'
__________________________ test_weapon_initialization __________________________
tests/entities/test_Items.py:6: in test_weapon_initialization
    w = Weapon(name="Espada Longa", db=6, mda=2, type=WeaponType.MARTIAL_WEAPON)
E   AttributeError: type object 'WeaponType' has no attribute 'MARTIAL_WEAPON'. Did you mean: 'MEDIUM_WEAPON'?
=========================== short test summary info ============================
FAILED tests/combat/test_BattleActions.py::test_generate_mana_action - Attrib...
FAILED tests/combat/test_BattleActions.py::test_generate_focus_action - Attri...
FAILED tests/combat/test_BattleActions.py::test_attack_action_execution_flow
FAILED tests/combat/test_BattleManager.py::test_battle_manager_try_finally_hooks
FAILED tests/combat/test_BattlePassives.py::test_forca_bruta - AssertionError...
FAILED tests/combat/test_BattlePassives.py::test_combo - KeyError: 'on_damage...
FAILED tests/combat/test_BattlePassives.py::test_maos_pesadas - KeyError: 'on...
FAILED tests/combat/test_Judges.py::test_battle_judge_running - NotImplemente...
FAILED tests/combat/test_Judges.py::test_battle_judge_victory_team_1 - NotImp...
FAILED tests/combat/test_Judges.py::test_battle_judge_draw - NotImplementedError
FAILED tests/combat/test_StatusEffects.py::test_atordoado_hook_removal - Inde...
FAILED tests/core/test_Bases.py::test_execute_if_possible_failure - Attribute...
FAILED tests/core/test_DataManager.py::test_load_combat_styles - ValueError: ...
FAILED tests/core/test_DataManager.py::test_load_action_templates - ValueErro...
FAILED tests/core/test_DiceManager.py::test_dice_manager_neutral_roll - Attri...
FAILED tests/core/test_DiceManager.py::test_dice_manager_advantage_roll - Ass...
FAILED tests/core/test_DiceManager.py::test_dice_manager_disadvantage_roll - ...
FAILED tests/core/test_Structs.py::test_roll_result_initialization - TypeErro...
FAILED tests/entities/test_Items.py::test_weapon_initialization - AttributeEr...
ERROR tests/entities/test_Characters.py::test_character_starts_alive_with_max_hp
ERROR tests/entities/test_Characters.py::test_character_take_damage_reduces_hp
ERROR tests/entities/test_Characters.py::test_character_death - TypeError: li...
ERROR tests/entities/test_Characters.py::test_character_equip_weapon - TypeEr...
ERROR tests/entities/test_Characters.py::test_character_equip_weapon_invalid_type
ERROR tests/entities/test_Characters.py::test_character_equip_armor - TypeErr...
ERROR tests/entities/test_Characters.py::test_character_generate_focus - Type...
ERROR tests/entities/test_Characters.py::test_character_generate_mana - TypeE...
ERROR tests/entities/test_Characters.py::test_character_spend_focus - TypeErr...
ERROR tests/entities/test_Characters.py::test_character_spend_mana - TypeErro...
ERROR tests/entities/test_Characters.py::test_character_stat_properties_with_modifiers
ERROR tests/entities/test_Characters.py::test_character_clear_ephemeral_modifiers
=================== 19 failed, 16 passed, 12 errors in 0.68s ===================
